[backblue.gif]
[fade.gif]
[index.html]
[cvnet.cpd.ua.es/guiaestilo/img/cas/nube.png]
[cvnet.cpd.ua.es/guiaestilo/img/cas/ayudaCabecera.png]
[cvnet.cpd.ua.es/guiaestilo/img/cas/usuario-no-validado.png]
[cvnet.cpd.ua.es/guiaestilo/img/cas/flechaMenuDerecha.png]
[cvnet.cpd.ua.es/guiaestilo/img/cas/logo-uacloud.png]
[cvnet.cpd.ua.es/guiaestilo/img/cas/certificado.png]
[cvnet.cpd.ua.es/guiaestilo/img/cas/logo-accv.png]
[cvnet.cpd.ua.es/guiaestilo/img/cas/logo-edni.png]
[cvnet.cpd.ua.es/guiaestilo/img/cas/telefono.png]
[cvnet.cpd.ua.es/guiaestilo/img/cas/correo.png]
[cvnet.cpd.ua.es/guiaestilo/img/cas/logoua.png]
[autentica.cpd.ua.es/cas/login8490.html]
[autentica.cpd.ua.es/cas/js/cas.js]
[cvnet.cpd.ua.es/guiaestilo/css/font-awesome.min.css]
[cvnet.cpd.ua.es/guiaestilo/css/bootstrap.3.3.5.min.css]
[autentica.cpd.ua.es/cas/images/cas-logo.png]
[autentica.cpd.ua.es/cas/images/apereo-logo.png]
[autentica.cpd.ua.es/cas/images/error.png]
[autentica.cpd.ua.es/cas/images/success.png]
[autentica.cpd.ua.es/cas/images/info.png]
[autentica.cpd.ua.es/cas/images/question.png]
[autentica.cpd.ua.es/cas/css/custom.css]
[cvnet.cpd.ua.es/guiaestilo/js/zxcvbn-4.3.0.js]
[cvnet.cpd.ua.es/guiaestilo/js/jquery.min-1.11.3.js]
[cvnet.cpd.ua.es/guiaestilo/js/jquery-ui.min-1.11.4.js]
[cvnet.cpd.ua.es/guiaestilo/js/jquery.cookie.min-1.4.1.js]
[cvnet.cpd.ua.es/guiaestilo/js/bootstrap.3.3.5.min.js]
[cvnet.cpd.ua.es/guiaestilo/css/cas/lato.css]
[cvnet.cpd.ua.es/guiaestilo/css/cas/images/fondo-recotorado.jpg]
[cvnet.cpd.ua.es/guiaestilo/css/cas/images/separador.png]
[cvnet.cpd.ua.es/guiaestilo/css/cas/images/bullet.png]
[cvnet.cpd.ua.es/guiaestilo/css/cas/cas2-cleaned.css]
[cvnet.cpd.ua.es/guiaestilo/css/cas/skin.css]
[cvnet.cpd.ua.es/guiaestilo/css/cas/layout.css]
[cvnet.cpd.ua.es/guiaestilo/css/cas/layout-responsive.css]
[cvnet.cpd.ua.es/guiaestilo/css/styles-iconsua.css]
[autentica.cpd.ua.es/cas/loginaa9b.html]
[autentica.cpd.ua.es/cas/login3fe0.html]
[autentica.cpd.ua.es/cas/loginef2f.html]
[autentica.cpd.ua.es/cas/loginX5098490.html]
[autentica.cpd.ua.es/cas/Popover requires tooltip.html]
[cvnet.cpd.ua.es/guiaestilo/css/images/layout/no-favorito.html]
[cvnet.cpd.ua.es/guiaestilo/css/images/layout/favorito.html]
[cvnet.cpd.ua.es/guiaestilo/css/images/layout/abrirAcordeonNotificacion.html]
[cvnet.cpd.ua.es/guiaestilo/css/images/layout/cerrarAcordeonNotificacion.html]
[cvnet.cpd.ua.es/guiaestilo/css/images/layout/iconoPersonas.html]
[cvnet.cpd.ua.es/guiaestilo/css/images/layout/rayasMenuResponsivo.html]
[cvnet.cpd.ua.es/guiaestilo/css/images/layout/flechaAbajoAcordeon.html]
[cvnet.cpd.ua.es/guiaestilo/css/images/layout/flechaArribaAcordeon.html]
[autentica.cpd.ua.es/cas/loginX509aa9b.html]
[autentica.cpd.ua.es/cas/loginX5093fe0.html]
[autentica.cpd.ua.es/cas/loginX509ef2f.html]
